{
  "version": "1.5.0",
  "plugins_used": [
    {
      "name": "ArtifactoryDetector"
    },
    {
      "name": "AWSKeyDetector"
    },
    {
      "name": "AzureStorageKeyDetector"
    },
    {
      "name": "Base64HighEntropyString",
      "limit": 4.5
    },
    {
      "name": "BasicAuthDetector"
    },
    {
      "name": "CloudantDetector"
    },
    {
      "name": "DiscordBotTokenDetector"
    },
    {
      "name": "GitHubTokenDetector"
    },
    {
      "name": "GitLabTokenDetector"
    },
    {
      "name": "HexHighEntropyString",
      "limit": 3.0
    },
    {
      "name": "IbmCloudIamDetector"
    },
    {
      "name": "IbmCosHmacDetector"
    },
    {
      "name": "IPPublicDetector"
    },
    {
      "name": "JwtTokenDetector"
    },
    {
      "name": "KeywordDetector",
      "keyword_exclude": ""
    },
    {
      "name": "MailchimpDetector"
    },
    {
      "name": "NpmDetector"
    },
    {
      "name": "OpenAIDetector"
    },
    {
      "name": "PrivateKeyDetector"
    },
    {
      "name": "PypiTokenDetector"
    },
    {
      "name": "SendGridDetector"
    },
    {
      "name": "SlackDetector"
    },
    {
      "name": "SoftlayerDetector"
    },
    {
      "name": "SquareOAuthDetector"
    },
    {
      "name": "StripeDetector"
    },
    {
      "name": "TelegramBotTokenDetector"
    },
    {
      "name": "TwilioKeyDetector"
    }
  ],
  "filters_used": [
    {
      "path": "detect_secrets.filters.allowlist.is_line_allowlisted"
    },
    {
      "path": "detect_secrets.filters.common.is_ignored_due_to_verification_policies",
      "min_level": 2
    },
    {
      "path": "detect_secrets.filters.heuristic.is_indirect_reference"
    },
    {
      "path": "detect_secrets.filters.heuristic.is_likely_id_string"
    },
    {
      "path": "detect_secrets.filters.heuristic.is_lock_file"
    },
    {
      "path": "detect_secrets.filters.heuristic.is_not_alphanumeric_string"
    },
    {
      "path": "detect_secrets.filters.heuristic.is_potential_uuid"
    },
    {
      "path": "detect_secrets.filters.heuristic.is_prefixed_with_dollar_sign"
    },
    {
      "path": "detect_secrets.filters.heuristic.is_sequential_string"
    },
    {
      "path": "detect_secrets.filters.heuristic.is_swagger_file"
    },
    {
      "path": "detect_secrets.filters.heuristic.is_templated_secret"
    },
    {
      "path": "detect_secrets.filters.regex.should_exclude_file",
      "pattern": [
        ".venv/|venv/|\\.git/|__pycache__/|\\.pytest_cache/|\\.mypy_cache/|node_modules/|data/|environments/\\.env$|\\.env$|\\.env\\..*$|\\.secrets\\.baseline$"
      ]
    }
  ],
  "results": {
    ".gitnexus/meta.json": [
      {
        "type": "Hex High Entropy String",
        "filename": ".gitnexus/meta.json",
        "hashed_secret": "bbbcf5e164e6a58cb5c43f917bd37febc9aba10f",
        "is_verified": false,
        "line_number": 3
      }
    ],
    ".ruff_cache/CACHEDIR.TAG": [
      {
        "type": "Hex High Entropy String",
        "filename": ".ruff_cache/CACHEDIR.TAG",
        "hashed_secret": "e8f8c345877b2411a59897798e422b15b0c16d76",
        "is_verified": false,
        "line_number": 1
      }
    ],
    "docs/falkordb/implementation_guide.md": [
      {
        "type": "Secret Keyword",
        "filename": "docs/falkordb/implementation_guide.md",
        "hashed_secret": "335f1fc91b67ba37e9447f220da9f57ba5be860e",
        "is_verified": false,
        "line_number": 44
      }
    ],
    "infra/services/falkordb/README.md": [
      {
        "type": "Secret Keyword",
        "filename": "infra/services/falkordb/README.md",
        "hashed_secret": "5baa61e4c9b93f3f0682250b6cf8331b7ee68fd8",
        "is_verified": false,
        "line_number": 43
      },
      {
        "type": "Secret Keyword",
        "filename": "infra/services/falkordb/README.md",
        "hashed_secret": "564e340cd48437d2dfe876ee154cc99dc4d0d137",
        "is_verified": false,
        "line_number": 106
      }
    ],
    "infra/services/falkordb/docker-entrypoint.sh": [
      {
        "type": "Secret Keyword",
        "filename": "infra/services/falkordb/docker-entrypoint.sh",
        "hashed_secret": "5baa61e4c9b93f3f0682250b6cf8331b7ee68fd8",
        "is_verified": false,
        "line_number": 19
      }
    ],
    "infra/services/milvus/README.md": [
      {
        "type": "Secret Keyword",
        "filename": "infra/services/milvus/README.md",
        "hashed_secret": "7a184848140f09998a498e85be4190d1adb6c91b",
        "is_verified": false,
        "line_number": 55
      },
      {
        "type": "Secret Keyword",
        "filename": "infra/services/milvus/README.md",
        "hashed_secret": "b62eee4d4f8abc858fd7fc30c08088e71087a2a1",
        "is_verified": false,
        "line_number": 236
      },
      {
        "type": "Secret Keyword",
        "filename": "infra/services/milvus/README.md",
        "hashed_secret": "086b19538ea9d10acfb923ce9d8512cdbabec83f",
        "is_verified": false,
        "line_number": 250
      }
    ],
    "infra/services/valkey/README.md": [
      {
        "type": "Secret Keyword",
        "filename": "infra/services/valkey/README.md",
        "hashed_secret": "564e340cd48437d2dfe876ee154cc99dc4d0d137",
        "is_verified": false,
        "line_number": 74
      }
    ],
    "infra/services/valkey/docker-entrypoint.sh": [
      {
        "type": "Secret Keyword",
        "filename": "infra/services/valkey/docker-entrypoint.sh",
        "hashed_secret": "5baa61e4c9b93f3f0682250b6cf8331b7ee68fd8",
        "is_verified": false,
        "line_number": 19
      }
    ],
    "src/shared/src/shared/database_clients/graph_database/falkordb/client.py": [
      {
        "type": "Secret Keyword",
        "filename": "src/shared/src/shared/database_clients/graph_database/falkordb/client.py",
        "hashed_secret": "5baa61e4c9b93f3f0682250b6cf8331b7ee68fd8",
        "is_verified": false,
        "line_number": 34
      }
    ],
    "tasks/task_16.md": [
      {
        "type": "Secret Keyword",
        "filename": "tasks/task_16.md",
        "hashed_secret": "5baa61e4c9b93f3f0682250b6cf8331b7ee68fd8",
        "is_verified": false,
        "line_number": 545
      }
    ],
    "tasks/task_53.md": [
      {
        "type": "Secret Keyword",
        "filename": "tasks/task_53.md",
        "hashed_secret": "0d1919ff4eebc7af7ee04381259deedc059369aa",
        "is_verified": false,
        "line_number": 431
      }
    ],
    "tests/unit/test_litellm_backend.py": [
      {
        "type": "Secret Keyword",
        "filename": "tests/unit/test_litellm_backend.py",
        "hashed_secret": "0d1919ff4eebc7af7ee04381259deedc059369aa",
        "is_verified": false,
        "line_number": 42
      },
      {
        "type": "Secret Keyword",
        "filename": "tests/unit/test_litellm_backend.py",
        "hashed_secret": "a94a8fe5ccb19ba61c4c0873d391e987982fbbd3",
        "is_verified": false,
        "line_number": 50
      },
      {
        "type": "Secret Keyword",
        "filename": "tests/unit/test_litellm_backend.py",
        "hashed_secret": "e9b4dce312643ee0e1bd0561a50d9d5a7e5a2be1",
        "is_verified": false,
        "line_number": 140
      },
      {
        "type": "Secret Keyword",
        "filename": "tests/unit/test_litellm_backend.py",
        "hashed_secret": "61ba747fe2f5b3d513c40550084c6284fbbc1094",
        "is_verified": false,
        "line_number": 171
      }
    ]
  },
  "generated_at": "2026-04-05T11:24:52Z"
}
