{
  "version": "1.5.0",
  "plugins_used": [
    {
      "name": "ArtifactoryDetector"
    },
    {
      "name": "AWSKeyDetector"
    },
    {
      "name": "AzureStorageKeyDetector"
    },
    {
      "name": "Base64HighEntropyString",
      "limit": 4.5
    },
    {
      "name": "BasicAuthDetector"
    },
    {
      "name": "CloudantDetector"
    },
    {
      "name": "DiscordBotTokenDetector"
    },
    {
      "name": "GitHubTokenDetector"
    },
    {
      "name": "GitLabTokenDetector"
    },
    {
      "name": "HexHighEntropyString",
      "limit": 3.0
    },
    {
      "name": "IbmCloudIamDetector"
    },
    {
      "name": "IbmCosHmacDetector"
    },
    {
      "name": "IPPublicDetector"
    },
    {
      "name": "JwtTokenDetector"
    },
    {
      "name": "KeywordDetector",
      "keyword_exclude": ""
    },
    {
      "name": "MailchimpDetector"
    },
    {
      "name": "NpmDetector"
    },
    {
      "name": "OpenAIDetector"
    },
    {
      "name": "PrivateKeyDetector"
    },
    {
      "name": "PypiTokenDetector"
    },
    {
      "name": "SendGridDetector"
    },
    {
      "name": "SlackDetector"
    },
    {
      "name": "SoftlayerDetector"
    },
    {
      "name": "SquareOAuthDetector"
    },
    {
      "name": "StripeDetector"
    },
    {
      "name": "TelegramBotTokenDetector"
    },
    {
      "name": "TwilioKeyDetector"
    }
  ],
  "filters_used": [
    {
      "path": "detect_secrets.filters.allowlist.is_line_allowlisted"
    },
    {
      "path": "detect_secrets.filters.common.is_ignored_due_to_verification_policies",
      "min_level": 2
    },
    {
      "path": "detect_secrets.filters.heuristic.is_indirect_reference"
    },
    {
      "path": "detect_secrets.filters.heuristic.is_likely_id_string"
    },
    {
      "path": "detect_secrets.filters.heuristic.is_lock_file"
    },
    {
      "path": "detect_secrets.filters.heuristic.is_not_alphanumeric_string"
    },
    {
      "path": "detect_secrets.filters.heuristic.is_potential_uuid"
    },
    {
      "path": "detect_secrets.filters.heuristic.is_prefixed_with_dollar_sign"
    },
    {
      "path": "detect_secrets.filters.heuristic.is_sequential_string"
    },
    {
      "path": "detect_secrets.filters.heuristic.is_swagger_file"
    },
    {
      "path": "detect_secrets.filters.heuristic.is_templated_secret"
    },
    {
      "path": "detect_secrets.filters.regex.should_exclude_file",
      "pattern": [
        ".venv/|venv/|\\.git/|__pycache__/|\\.pytest_cache/|\\.mypy_cache/|\\.ruff_cache/|node_modules/|data/|\\.agent/|\\.claude/|\\.codex/|\\.gemini/|\\.gitnexus/|brandmind-output/|thesis_reports/|environments/\\.env$|\\.env$|\\.env\\..*$|\\.secrets\\.baseline$"
      ]
    }
  ],
  "results": {
    "docs/falkordb/implementation_guide.md": [
      {
        "type": "Secret Keyword",
        "filename": "docs/falkordb/implementation_guide.md",
        "hashed_secret": "335f1fc91b67ba37e9447f220da9f57ba5be860e",
        "is_verified": false,
        "line_number": 44
      }
    ],
    "evaluation/hipporag_comparison/export_corpus.py": [
      {
        "type": "Base64 High Entropy String",
        "filename": "evaluation/hipporag_comparison/export_corpus.py",
        "hashed_secret": "4ab8538c78a474214ffd593e8fc74cfbfe747982",
        "is_verified": false,
        "line_number": 28
      }
    ],
    "evaluation/hipporag_comparison/generate_benchmark_candidates.py": [
      {
        "type": "Secret Keyword",
        "filename": "evaluation/hipporag_comparison/generate_benchmark_candidates.py",
        "hashed_secret": "9854e3021a13c512b797972837462622115d2310",
        "is_verified": false,
        "line_number": 39
      }
    ],
    "evaluation/judge/methodology_overhaul_summary.json": [
      {
        "type": "Base64 High Entropy String",
        "filename": "evaluation/judge/methodology_overhaul_summary.json",
        "hashed_secret": "149b7ef4a415f6a6f5ee13a60e4d21f53336314e",
        "is_verified": false,
        "line_number": 5
      }
    ],
    "infra/services/falkordb/README.md": [
      {
        "type": "Secret Keyword",
        "filename": "infra/services/falkordb/README.md",
        "hashed_secret": "5baa61e4c9b93f3f0682250b6cf8331b7ee68fd8",
        "is_verified": false,
        "line_number": 43
      },
      {
        "type": "Secret Keyword",
        "filename": "infra/services/falkordb/README.md",
        "hashed_secret": "564e340cd48437d2dfe876ee154cc99dc4d0d137",
        "is_verified": false,
        "line_number": 106
      }
    ],
    "infra/services/falkordb/docker-entrypoint.sh": [
      {
        "type": "Secret Keyword",
        "filename": "infra/services/falkordb/docker-entrypoint.sh",
        "hashed_secret": "5baa61e4c9b93f3f0682250b6cf8331b7ee68fd8",
        "is_verified": false,
        "line_number": 19
      }
    ],
    "infra/services/milvus/README.md": [
      {
        "type": "Secret Keyword",
        "filename": "infra/services/milvus/README.md",
        "hashed_secret": "7a184848140f09998a498e85be4190d1adb6c91b",
        "is_verified": false,
        "line_number": 55
      },
      {
        "type": "Secret Keyword",
        "filename": "infra/services/milvus/README.md",
        "hashed_secret": "b62eee4d4f8abc858fd7fc30c08088e71087a2a1",
        "is_verified": false,
        "line_number": 236
      },
      {
        "type": "Secret Keyword",
        "filename": "infra/services/milvus/README.md",
        "hashed_secret": "086b19538ea9d10acfb923ce9d8512cdbabec83f",
        "is_verified": false,
        "line_number": 250
      }
    ],
    "infra/services/valkey/README.md": [
      {
        "type": "Secret Keyword",
        "filename": "infra/services/valkey/README.md",
        "hashed_secret": "564e340cd48437d2dfe876ee154cc99dc4d0d137",
        "is_verified": false,
        "line_number": 74
      }
    ],
    "infra/services/valkey/docker-entrypoint.sh": [
      {
        "type": "Secret Keyword",
        "filename": "infra/services/valkey/docker-entrypoint.sh",
        "hashed_secret": "5baa61e4c9b93f3f0682250b6cf8331b7ee68fd8",
        "is_verified": false,
        "line_number": 19
      }
    ],
    "src/shared/src/shared/database_clients/graph_database/falkordb/client.py": [
      {
        "type": "Secret Keyword",
        "filename": "src/shared/src/shared/database_clients/graph_database/falkordb/client.py",
        "hashed_secret": "5baa61e4c9b93f3f0682250b6cf8331b7ee68fd8",
        "is_verified": false,
        "line_number": 34
      }
    ],
    "tasks/task_16.md": [
      {
        "type": "Secret Keyword",
        "filename": "tasks/task_16.md",
        "hashed_secret": "5baa61e4c9b93f3f0682250b6cf8331b7ee68fd8",
        "is_verified": false,
        "line_number": 545
      }
    ],
    "tasks/task_53.md": [
      {
        "type": "Secret Keyword",
        "filename": "tasks/task_53.md",
        "hashed_secret": "0d1919ff4eebc7af7ee04381259deedc059369aa",
        "is_verified": false,
        "line_number": 431
      }
    ],
    "tasks/task_57.md": [
      {
        "type": "Base64 High Entropy String",
        "filename": "tasks/task_57.md",
        "hashed_secret": "4ab8538c78a474214ffd593e8fc74cfbfe747982",
        "is_verified": false,
        "line_number": 659
      }
    ],
    "tests/unit/test_hipporag_comparison.py": [
      {
        "type": "Secret Keyword",
        "filename": "tests/unit/test_hipporag_comparison.py",
        "hashed_secret": "0ae2abca56b9fd937026f395e45de60e3fc007d2",
        "is_verified": false,
        "line_number": 186
      },
      {
        "type": "Secret Keyword",
        "filename": "tests/unit/test_hipporag_comparison.py",
        "hashed_secret": "6832133659fedcc16e79b4ec69b512cb8024207d",
        "is_verified": false,
        "line_number": 198
      }
    ],
    "tests/unit/test_knowledge_search_comparison_prompts.py": [
      {
        "type": "Secret Keyword",
        "filename": "tests/unit/test_knowledge_search_comparison_prompts.py",
        "hashed_secret": "2505c6b63dce6b867ae1ad583489f33153a20cf3",
        "is_verified": false,
        "line_number": 303
      },
      {
        "type": "Secret Keyword",
        "filename": "tests/unit/test_knowledge_search_comparison_prompts.py",
        "hashed_secret": "815a785273de8108cfc29d827ff8a4e904a58027",
        "is_verified": false,
        "line_number": 304
      }
    ],
    "tests/unit/test_litellm_backend.py": [
      {
        "type": "Secret Keyword",
        "filename": "tests/unit/test_litellm_backend.py",
        "hashed_secret": "0d1919ff4eebc7af7ee04381259deedc059369aa",
        "is_verified": false,
        "line_number": 42
      },
      {
        "type": "Secret Keyword",
        "filename": "tests/unit/test_litellm_backend.py",
        "hashed_secret": "a94a8fe5ccb19ba61c4c0873d391e987982fbbd3",
        "is_verified": false,
        "line_number": 50
      },
      {
        "type": "Secret Keyword",
        "filename": "tests/unit/test_litellm_backend.py",
        "hashed_secret": "e9b4dce312643ee0e1bd0561a50d9d5a7e5a2be1",
        "is_verified": false,
        "line_number": 140
      },
      {
        "type": "Secret Keyword",
        "filename": "tests/unit/test_litellm_backend.py",
        "hashed_secret": "61ba747fe2f5b3d513c40550084c6284fbbc1094",
        "is_verified": false,
        "line_number": 171
      }
    ],
    "tests/unit/test_retry_gemini.py": [
      {
        "type": "Secret Keyword",
        "filename": "tests/unit/test_retry_gemini.py",
        "hashed_secret": "3acfb2c2b433c0ea7ff107e33df91b18e52f960f",
        "is_verified": false,
        "line_number": 55
      }
    ]
  },
  "generated_at": "2026-05-14T12:25:09Z"
}
